reading file buf.2.sch
#         v(nin)   v(V1)    v(mybuf.GROUND) v(nout)  v(mybuf.highrail) v(mybuf.lowrail) ev(mybuf.Vlow.v) v(mybuf.Vlow.v) i(mybuf.Vlow.v)
converged beyond limit, resetting limit
 27.      0.       0.       0.      -1.89     5.      -5.       5.       5.      -10.u    
.store tran  v(nin) v(nout)  gm(mybuf.P2.m) 
                                ^ ? no match
options numdgt=3 
^ ? O: no match
converged beyond limit, resetting limit
int(m0)=-5.
int((10 * m1))= 5.
