>>>>>spice 
>>>>>.param amplitude = 1 
>>>>>.param offset 0 
>>>>>.param vdd=2 
>>>>>.options fulldamp 
.options fulldamp 
         ^ ? what's this?
>>>>>.options nobypass 
>>>>>.param bias=.01m 
>>>>>.options language=verilog 
>>>>>spice 
>>>>>.model cmosn  nmos ( level=1  vto= 0.8  kp= 41.5964u  gamma= 0.863074  phi= 0.6  cbd= 0.  cbs= 0.  pb= 0.7  cgso= 218.971p  cgdo= 218.971p  cgbo= 0.  rsh= 0.  cj= 384.4u  mj= 0.4884  cjsw= 527.2p  mjsw= 0.3002  js= 0.  tox= 41.8n  nsub= 15.3142E+15  nss= 1.E+12  tpg=1  xj= 400.n  ld= 265.073n  uo= 503.521  kf= 0.  af= 1.  fc= 0.5  lambda=.01) 
>>>>>.model cmosp  pmos ( level=1  vto=-0.844345  kp= 41.5964u  gamma= 0.863074  phi= 0.6  rd= 0.  rs= 0.  cbd= 0.  cbs= 0.  is= 0  pb= 0.7  cgso= 218.971p  cgdo= 218.971p  cgbo= 0.  rsh= 0.  cj= 384.4u  mj= 0.4884  cjsw= 527.2p  mjsw= 0.3002  js= 0.  tox= 41.8n  nsub= 15.3142E+15  nss= 1.E+12  tpg=1  xj= 400.n  ld= 265.073n  uo= 503.521  kf= 0.  af= 1.  fc= 0.5 lambda=.01) 
>>>>>.verilog 
>>>>>module VOLTAGE_SOURCE(1, 2); 
>>>>>parameter value=1; 
>>>>>geda "d_gedasckt.6.sch" module device="amp" 
reading file d_gedasckt.6.sch
>pi>
>pi2>v 20130925 2 
>ftis>v 20130925 2 
>pi>v 20130925 2 
>pi2>C 40000 40000 0 0 0 title-B.sym 
>ftis>C 40000 40000 0 0 0 title-B.sym 
>pi>N 45600 45800 44600 45800 4 
>pi2>N 45600 45800 44600 45800 4 
>ftis>N 45600 45800 44600 45800 4 
>ftis>N 45600 45800 44600 45800 4 
>inst>N 45600 45800 44600 45800 4 
>pi>} 
>pi2>} 
>ftis>} 
>ftis>} 
>inst>} 
>ftis>} 
>pi>} 
>pi2>} 
>ftis>} 
>ftis>} 
>inst>} 
>ftis>} 
>pi>} 
>pi2>C 41100 46500 1 270 0 voltage-3.sym 
>ftis>C 41100 46500 1 270 0 voltage-3.sym 
>dev>VOLTAGE_SOURCE
>ftis>} 
>dev>VOLTAGE_SOURCE
>inst>} 
>ftis>} 
>dev>VOLTAGE_SOURCE
>ftis>v 20031231 1 
>ftis>P 900 200 700 200 1 0 0 
>ftis>P 900 200 700 200 1 0 0 
>ftis>P 0 200 200 200 1 0 0 
>ftis>P 0 200 200 200 1 0 0 
>ftis>V 450 200 200 3 0 0 0 -1 -1 0 -1 -1 -1 -1 -1 
>ftis>T 200 700 9 8 0 0 0 0 1 
>ftis>device=VOLTAGE_SOURCE 
>ftis>L 700 200 650 200 3 0 0 0 -1 -1 
>ftis>L 250 200 200 200 3 0 0 0 -1 -1 
>ftis>T 300 500 8 10 1 1 0 0 1 
>ftis>refdes=V? 
>ftis>T 325 225 9 10 1 0 0 4 1  
>ftis>T 575 225 9 10 1 0 0 4 1 
>ftis>- 
>pi>} 
>pi2>} 
>ftis>} 
>ftis>} 
>inst>} 
>ftis>} 
>pi>} 
>pi2>} 
>ftis>} 
>ftis>} 
>inst>} 
>ftis>} 
>pi>} 
>pi2>N 41300 45600 41300 45000 4 
>ftis>N 41300 45600 41300 45000 4 
>ftis>N 41300 45600 41300 45000 4 
>inst>N 41300 45600 41300 45000 4 
>pi>C 41100 48100 1 0 0 5V-plus-1.sym 
>pi2>C 41100 48100 1 0 0 5V-plus-1.sym 
>ftis>C 41100 48100 1 0 0 5V-plus-1.sym 
>ftis>C 41100 48100 1 0 0 5V-plus-1.sym 
>inst>C 41100 48100 1 0 0 5V-plus-1.sym 
>ftis>C 41100 48100 1 0 0 5V-plus-1.sym 
>pi>C 41100 48100 1 0 0 5V-plus-1.sym 
>pi2>C 41100 48100 1 0 0 5V-plus-1.sym 
>ftis>C 41100 48100 1 0 0 5V-plus-1.sym 
>ftis>} 
>dev>rail
>inst>} 
>ftis>} 
>dev>rail
>ftis>v 20031231 1 
>ftis>P 200 0 200 200 1 0 0 
>ftis>P 200 0 200 200 1 0 0 
>ftis>L 50 200 350 200 3 0 0 0 -1 -1 
>ftis>T 75 250 9 8 1 0 0 0 1 5V 
>ftis>T 300 0 8 8 0 0 0 0 1 
>ftis>net=+5V:1 
>pi>} 
>pi2>} 
>ftis>} 
>ftis>} 
>inst>} 
>ftis>} 
>pi>} 
>pi2>N 41300 48100 41300 46500 4 
>ftis>N 41300 48100 41300 46500 4 
>ftis>N 41300 48100 41300 46500 4 
>inst>N 41300 48100 41300 46500 4 
>pi>C 44200 48300 1 0 0 5V-plus-1.sym 
>pi2>C 44200 48300 1 0 0 5V-plus-1.sym 
>ftis>C 44200 48300 1 0 0 5V-plus-1.sym 
>ftis>} 
>dev>rail
>inst>} 
>ftis>} 
>dev>rail
>ftis>v 20031231 1 
>ftis>P 200 0 200 200 1 0 0 
>ftis>P 200 0 200 200 1 0 0 
>ftis>L 50 200 350 200 3 0 0 0 -1 -1 
>ftis>T 75 250 9 8 1 0 0 0 1 5V 
>ftis>T 300 0 8 8 0 0 0 0 1 
>ftis>net=+5V:1 
>pi>} 
>pi2>} 
>ftis>} 
>ftis>} 
>inst>} 
>ftis>} 
>pi>} 
>pi2>N 44400 48300 44400 47700 4 
>ftis>N 44400 48300 44400 47700 4 
>ftis>N 44400 48300 44400 47700 4 
>inst>N 44400 48300 44400 47700 4 
>pi>C 41300 44900 1 0 0 passive-1.sym 
>pi2>C 41300 44900 1 0 0 passive-1.sym 
>ftis>C 41300 44900 1 0 0 passive-1.sym 
>ftis>C 41300 44900 1 0 0 passive-1.sym 
>inst>C 41300 44900 1 0 0 passive-1.sym 
>ftis>C 41300 44900 1 0 0 passive-1.sym 
>pi>C 41300 44900 1 0 0 passive-1.sym 
>pi2>C 41300 44900 1 0 0 passive-1.sym 
>ftis>C 41300 44900 1 0 0 passive-1.sym 
>dev>port
>ftis>} 
>dev>port
>inst>} 
>ftis>} 
>dev>port
>ftis>v 20031231 1 
>ftis>P 0 100 200 100 1 0 0 
>ftis>P 0 100 200 100 1 0 0 
>ftis>L 200 200 200 0 3 0 0 0 -1 -1 
>ftis>T 900 200 5 10 1 0 0 0 1 
>ftis>net=PASSIVE:1 
>ftis>T 200 700 5 10 0 0 0 0 1 
>ftis>device=none 
>ftis>T 200 800 5 10 0 0 0 0 1 
>ftis>description=Passive module port 
>ftis>L 200 200 800 200 3 0 0 0 -1 -1 
>ftis>L 800 200 800 0 3 0 0 0 -1 -1 
>ftis>L 800 0 200 0 3 0 0 0 -1 -1 
>ftis>T 900 100 5 10 1 1 0 1 1 
>ftis>value=PASSIVE 
>pi>} 
>pi2>C 43800 45700 1 0 0 input-1.sym 
>ftis>C 43800 45700 1 0 0 input-1.sym 
>dev>port
>ftis>} 
>dev>port
>inst>} 
>ftis>} 
>dev>port
>ftis>v 20031231 1 
>ftis>P 600 100 800 100 1 0 1 
>ftis>P 600 100 800 100 1 0 1 
>ftis>L 0 200 0 0 3 0 0 0 -1 -1 
>ftis>L 0 200 500 200 3 0 0 0 -1 -1 
>ftis>L 500 200 600 100 3 0 0 0 -1 -1 
>ftis>L 600 100 500 0 3 0 0 0 -1 -1 
>ftis>L 500 0 0 0 3 0 0 0 -1 -1 
>ftis>T 0 300 5 10 0 0 0 0 1 
>ftis>device=INPUT 
>pi>} 
>pi2>C 41300 47300 1 0 0 output-2.sym 
>ftis>C 41300 47300 1 0 0 output-2.sym 
>dev>port
>ftis>} 
>dev>port
>inst>} 
>ftis>} 
>dev>port
>ftis>v 20031231 1 
>ftis>P 0 100 200 100 1 0 0 
>ftis>P 0 100 200 100 1 0 0 
>ftis>L 200 200 200 0 3 0 0 0 -1 -1 
>ftis>L 200 200 700 200 3 0 0 0 -1 -1 
>ftis>L 700 200 800 100 3 0 0 0 -1 -1 
>ftis>L 800 100 700 0 3 0 0 0 -1 -1 
>ftis>L 700 0 200 0 3 0 0 0 -1 -1 
>ftis>T 900 200 5 10 1 0 0 0 1 
>ftis>net=OUTPUT:1 
>ftis>T 200 700 5 10 0 0 0 0 1 
>ftis>device=none 
>ftis>T 200 800 5 10 0 0 0 0 1 
>ftis>description=Output module port 
>ftis>T 900 100 5 10 1 1 0 1 1 
>ftis>value=OUTPUT 
>pi>} 
>pi2>} 
>ftis>} 
>ftis>} 
>inst>} 
>ftis>} 
>pi>} 
>pi2>} 
>ftis>} 
>ftis>} 
>inst>} 
>pi>} 
>>>>>list 
cmosp: rsh - rs - rd conflict: using rsh
cmosp: is - js conflict
//*.options reltol=1e-5 
//*.options abstol=1E-11 
paramset cmosn nmos1;\
 .level=1; .kp=41.5964u; .vto=0.8; .gamma=0.863074; .phi=0.6; .lambda=.01; .tox=41.8n; .nsub=15.3142E+15; .nss=1.E+12; .xj=400.n; .uo=503.521; .tpg=1; .tnom=NA( 27.); .fc=0.5; .pb=0.7; .cj=384.4u; .mj=0.4884; .cjsw=527.2p; .mjsw=0.3002; .is=NA( 10.f); .js=0.; .rsh=0.; .cbd=0.; .cbs=0.; .cgso=218.971p; .cgdo=218.971p; .cgbo=0.; .ld=265.073n;\
endparmset

paramset cmosp pmos1;\
 .level=1; .kp=41.5964u; .vto=-0.844345; .gamma=0.863074; .phi=0.6; .lambda=.01; .tox=41.8n; .nsub=15.3142E+15; .nss=1.E+12; .xj=400.n; .uo=503.521; .tpg=1; .tnom=NA( 27.); .fc=0.5; .pb=0.7; .cj=384.4u; .mj=0.4884; .cjsw=527.2p; .mjsw=0.3002; .is=0; .js=0.; .rsh=0.; .rd=0.; .rs=0.; .cbd=0.; .cbs=0.; .cgso=218.971p; .cgdo=218.971p; .cgbo=0.; .ld=265.073n;\
endparmset

//*V1 nin 0 pulse ( iv=0.0 pv=-0.5 rise=1e-5 fall=4e-5 width=5e-5  period=1e-4 ) 
vsource #(sin.offset( 0.), .amplitude(amplitude), .frequency( 10.K), .delay( 0.), .damping(NA( 0.)), .phase( 0.)) V1 (.p(nin),.n(0));
module VOLTAGE_SOURCE (1,2);
vsource #(.dc(value)) v (.p(1),.n(2));
endmodule // VOLTAGE_SOURCE

module amp (gnd2,nin,nout);
//comment (incomplete) title-B.sym
net #() nin (.p(x_nn_0),.n(x_nn_1));
place #(.x(45600),.y(45800)) 45600:45800 (.port(x_nn_0));
place #(.x(44600),.y(45800)) 44600:45800 (.port(x_nn_1));
VOLTAGE_SOURCE #(.basename(voltage-3.sym),.value(vdd)) Vhigh (.1(x_cn_2),.2(x_cn_3));
place #(.x(41300),.y(46500)) 41300:46500 (.port(x_cn_2));
place #(.x(41300),.y(45600)) 41300:45600 (.port(x_cn_3));
net #() net1 (.p(x_cn_3),.n(x_nn_4));
place #(.x(41300),.y(45000)) 41300:45000 (.port(x_nn_4));
rail #(.basename(5V-plus-1.sym),.net(+5V:1)) highrail (.pin(x_cn_5),.rail(+5V:1));
place #(.x(41300),.y(48100)) 41300:48100 (.port(x_cn_5));
net #() net2 (.p(x_cn_5),.n(x_cn_2));
rail #(.basename(5V-plus-1.sym),.net(+5V:1)) otherrail (.pin(x_cn_6),.rail(+5V:1));
place #(.x(44400),.y(48300)) 44400:48300 (.port(x_cn_6));
net #() net3 (.p(x_cn_6),.n(x_nn_7));
place #(.x(44400),.y(47700)) 44400:47700 (.port(x_nn_7));
port #(.basename(passive-1.sym),.net(gnd2)) gnd2 (.int(x_nn_4),.ext(gnd2));
port #(.basename(input-1.sym),.net(nin)) nin (.int(x_nn_1),.ext(nin));
port #(.basename(output-2.sym),.net(nout)) POUT (.int(x_cn_8),.ext(nout));
place #(.x(41300),.y(47400)) 41300:47400 (.port(x_cn_8));
net #() extranet4 (.p(x_cn_8),.n(x_cn_5));
endmodule // amp

amp #(.bias(bias),.vdd(vdd)) myamp (.gnd2(0),.nin(nin),.nout(nout));
nodelist 
^ ? nodelist: no match
>>>>>spice 
>>>>>.print op v(nin) v(nout)  v(myamp.*rail)  v(myamp.POUT) 
cmosp: rsh - rs - rd conflict: using rsh
cmosp: is - js conflict
collapse myamp: x_nn_0 (1), x_nn_1(2)
collapse myamp: x_cn_3 (4), x_nn_4(5)
collapse myamp: x_cn_5 (6), +5V:1(7)
collapse myamp: x_cn_5 (6), x_cn_2(3)
collapse myamp: x_cn_6 (8), +5V:1(7)
collapse myamp: x_cn_6 (8), x_nn_7(9)
collapse myamp: x_nn_4 (5), gnd2(10)
collapse myamp: x_nn_1 (2), nin(11)
collapse myamp: x_cn_8 (12), nout(13)
collapse myamp: x_cn_8 (12), x_cn_5(6)
myamp: map_subckt_nodes net: 3 sckt: 13
myamp: map_subckt_nodes connected components 3
collapse myamp: x_nn_0 (1), x_nn_1(2)
collapse myamp: x_cn_3 (4), x_nn_4(5)
collapse myamp: x_cn_5 (6), +5V:1(7)
collapse myamp: x_cn_5 (6), x_cn_2(3)
collapse myamp: x_cn_6 (8), +5V:1(7)
collapse myamp: x_cn_6 (8), x_nn_7(9)
collapse myamp: x_nn_4 (5), gnd2(10)
collapse myamp: x_nn_1 (2), nin(11)
collapse myamp: x_cn_8 (12), nout(13)
collapse myamp: x_cn_8 (12), x_cn_5(6)
myamp.Vhigh: map_subckt_nodes net: 2 sckt: 2
myamp.Vhigh: map_subckt_nodes connected components 2
>>>>>.op trace=n 
cmosp: rsh - rs - rd conflict: using rsh
cmosp: is - js conflict
collapse myamp: x_nn_0 (1), x_nn_1(2)
collapse myamp: x_cn_3 (4), x_nn_4(5)
collapse myamp: x_cn_5 (6), +5V:1(7)
collapse myamp: x_cn_5 (6), x_cn_2(3)
collapse myamp: x_cn_6 (8), +5V:1(7)
collapse myamp: x_cn_6 (8), x_nn_7(9)
collapse myamp: x_nn_4 (5), gnd2(10)
collapse myamp: x_nn_1 (2), nin(11)
collapse myamp: x_cn_8 (12), nout(13)
collapse myamp: x_cn_8 (12), x_cn_5(6)
#           v(nin)     v(nout)    v(myamp.highrail) v(myamp.otherrail) v(myamp.POUT)
 27.        0.         2.         2.         2.         2.        
>>>>>.end 
