>>>>>spice 
>>>>>.param amplitude = 1 
>>>>>.param offset 0 
>>>>>.param vdd=0.9 
>>>>>.param bias=.1m 
>>>>>.options language=verilog 
>>>>>spice 
>>>>>.verilog 
>>>>>module NMOS_TRANSISTOR(D G S B); 
>>>>>module VOLTAGE_SOURCE(1, 2); 
>>>>>parameter value=1; 
>>>>>geda "d_gedasckt.3.sch" module device="amp" 
reading file d_gedasckt.3.sch
>>>>>list 
vsource #( DC  1.) V1 (.p(nin),.n(0));
module NMOS_TRANSISTOR (D,G,S,B);
endmodule // NMOS_TRANSISTOR

module VOLTAGE_SOURCE (1,2);
vsource #(.dc(value)) v (.p(1),.n(2));
endmodule // VOLTAGE_SOURCE

// include endstufe_sf.v 
// use .sch instead? 
module amp (gnd2);
//comment (incomplete) title-B.sym
net #() net0 (.p(x_nn_0),.n(x_nn_1));
place #(.x(45400),.y(46200)) 45400:46200 (.port(x_nn_0));
place #(.x(45400),.y(46000)) 45400:46000 (.port(x_nn_1));
VOLTAGE_SOURCE #(.basename(voltage-3.sym),.value(vdd)) Vlow (.1(x_cn_2),.2(x_cn_3));
place #(.x(43100),.y(46800)) 43100:46800 (.port(x_cn_2));
place #(.x(43100),.y(45900)) 43100:45900 (.port(x_cn_3));
rail #(.basename(5V-minus-1.sym),.net(-5V:1)) lowrail (.pin(x_cn_3),.rail(-5V:1));
port #(.basename(passive-1.sym),.net(gnd2)) gnd2 (.int(x_cn_2),.ext(gnd2));
rail #(.basename(5V-minus-1.sym),.net(-5V:1)) -5V:1 (.pin(x_nn_1),.rail(-5V:1));
endmodule // amp

//amp #() myamp(nin, nout, 0); 
// amp #(.bias(.01m), .vdd(3.3)) myamp(.nin(0), .nout(0), .gnd2(0)); 
amp #(.bias(.01m),.vdd(3.3)) myamp (.gnd2(0));
>>>>>spice 
>>>>>.print op v(nin) v(v1)  v(myamp.highrail)  v(myamp.lowrail)  ev(myamp.Vlow.v)  v(myamp.Vlow.v)  i(myamp.Vlow.v) 
collapse myamp: x_nn_0 (1), x_nn_1(2)
collapse myamp: x_cn_3 (4), -5V:1(5)
collapse myamp: x_cn_2 (3), gnd2(6)
collapse myamp: x_nn_1 (2), -5V:1(5)
myamp: map_subckt_nodes net: 1 sckt: 6
myamp: map_subckt_nodes connected components 2
collapse myamp: x_nn_0 (1), x_nn_1(2)
collapse myamp: x_cn_3 (4), -5V:1(5)
collapse myamp: x_cn_2 (3), gnd2(6)
collapse myamp: x_nn_1 (2), -5V:1(5)
myamp.Vlow: map_subckt_nodes net: 2 sckt: 2
myamp.Vlow: map_subckt_nodes connected components 2
.print op v(nin) v(v1)  v(myamp.highrail)  v(myamp.lowrail)  ev(myamp.
                          ^ ? no match
>>>>>.op 
collapse myamp: x_nn_0 (1), x_nn_1(2)
collapse myamp: x_cn_3 (4), -5V:1(5)
collapse myamp: x_cn_2 (3), gnd2(6)
collapse myamp: x_nn_1 (2), -5V:1(5)
#           v(nin)     v(V1)      v(myamp.lowrail) ev(myamp.Vlow.v) v(myamp.Vlow.v) i(myamp.Vlow.v)
 27.        1.         1.        -3.3        3.3        3.3        0.        
>>>>>.end 
