>>>>>spice 
>>>>>.param amplitude = 1 
>>>>>.param offset 0 
>>>>>.options language=verilog 
>>>>>spice 
>>>>>.verilog 
>>>>>module NMOS_TRANSISTOR(D G S B); 
>>>>>module VOLTAGE_SOURCE(1, 2); 
>>>>>parameter value=1; 
>>>>>geda "d_gedasckt.2.sch" module device="amp" 
reading file d_gedasckt.2.sch
>pi>
>pi2>v 20130925 2 
>ftis>v 20130925 2 
>pi>v 20130925 2 
>pi2>C 40000 40000 0 0 0 title-B.sym 
>ftis>C 40000 40000 0 0 0 title-B.sym 
>pi>C 46300 46900 1 270 0 nmos-1.sym 
>pi2>C 46300 46900 1 270 0 nmos-1.sym 
>ftis>C 46300 46900 1 270 0 nmos-1.sym 
>dev>NMOS_TRANSISTOR
>ftis>} 
>dev>NMOS_TRANSISTOR
>inst>} 
>ftis>} 
>dev>NMOS_TRANSISTOR
>ftis>v 20050820 1 
>ftis>L 300 600 300 200 3 0 0 0 -1 -1 
>ftis>T 700 800 5 10 0 0 0 0 1 
>ftis>device=NMOS_TRANSISTOR 
>ftis>L 200 600 200 200 3 0 0 0 -1 -1 
>ftis>L 300 600 500 600 3 0 0 0 -1 -1 
>ftis>L 300 200 500 200 3 0 0 0 -1 -1 
>ftis>L 300 400 500 400 3 0 0 0 -1 -1 
>ftis>L 300 400 400 500 3 0 0 0 -1 -1 
>ftis>L 300 400 400 300 3 0 0 0 -1 -1 
>ftis>P 0 400 200 400 1 0 0 
>ftis>P 0 400 200 400 1 0 0 
>ftis>P 500 600 500 800 1 0 1 
>ftis>P 500 600 500 800 1 0 1 
>ftis>P 500 400 700 400 1 0 1 
>ftis>P 500 400 700 400 1 0 1 
>ftis>P 500 200 500 0 1 0 1 
>ftis>P 500 200 500 0 1 0 1 
>ftis>T 700 600 8 10 1 1 0 0 1 
>ftis>refdes=Q? 
>ftis>T 700 1400 5 10 0 0 0 0 1 
>ftis>description=NMOS transistor 
>ftis>T 700 1200 5 10 0 0 0 0 1 
>ftis>numslots=0 
>ftis>T 700 1000 5 10 0 0 0 0 1 
>ftis>symversion=0.1 
>pi>} 
>pi2>} 
>ftis>} 
>ftis>} 
>inst>} 
>ftis>} 
>pi>} 
>pi2>} 
>ftis>} 
>ftis>} 
>inst>} 
>ftis>} 
>pi>} 
>pi2>} 
>ftis>} 
>ftis>} 
>inst>} 
>ftis>} 
>pi>} 
>pi2>} 
>ftis>} 
>ftis>} 
>inst>} 
>ftis>} 
>pi>} 
>pi2>T 50100 40700 9 10 1 0 0 0 1 
>ftis>T 50100 40700 9 10 1 0 0 0 1 
>pi>T 50100 40700 9 10 1 0 0 0 1 
>pi2>debugging gnd issue 
>ftis>debugging gnd issue 
>pi>debugging gnd issue 
>pi2>C 43400 46700 1 270 0 voltage-3.sym 
>ftis>C 43400 46700 1 270 0 voltage-3.sym 
>dev>VOLTAGE_SOURCE
>ftis>} 
>dev>VOLTAGE_SOURCE
>inst>} 
>ftis>} 
>dev>VOLTAGE_SOURCE
>ftis>v 20031231 1 
>ftis>P 900 200 700 200 1 0 0 
>ftis>P 900 200 700 200 1 0 0 
>ftis>P 0 200 200 200 1 0 0 
>ftis>P 0 200 200 200 1 0 0 
>ftis>V 450 200 200 3 0 0 0 -1 -1 0 -1 -1 -1 -1 -1 
>ftis>T 200 700 9 8 0 0 0 0 1 
>ftis>device=VOLTAGE_SOURCE 
>ftis>L 700 200 650 200 3 0 0 0 -1 -1 
>ftis>L 250 200 200 200 3 0 0 0 -1 -1 
>ftis>T 300 500 8 10 1 1 0 0 1 
>ftis>refdes=V? 
>ftis>T 325 225 9 10 1 0 0 4 1  
>ftis>T 575 225 9 10 1 0 0 4 1 
>ftis>- 
>pi>} 
>pi2>} 
>ftis>} 
>ftis>} 
>inst>} 
>ftis>} 
>pi>} 
>pi2>} 
>ftis>} 
>ftis>} 
>inst>} 
>ftis>} 
>pi>} 
>pi2>C 43800 45800 1 180 0 5V-minus-1.sym 
>ftis>C 43800 45800 1 180 0 5V-minus-1.sym 
>ftis>} 
>dev>rail
>inst>} 
>ftis>} 
>dev>rail
>ftis>v 20031231 1 
>ftis>P 200 0 200 200 1 0 0 
>ftis>P 200 0 200 200 1 0 0 
>ftis>L 50 200 350 200 3 0 0 0 -1 -1 
>ftis>T 75 250 9 8 1 0 0 0 1 
>ftis>-5V 
>ftis>T 300 0 8 8 0 0 0 0 1 
>ftis>net=-5V:1 
>pi>} 
>pi2>T 53900 40300 9 10 1 0 0 0 1 
>ftis>T 53900 40300 9 10 1 0 0 0 1 
>pi>T 53900 40300 9 10 1 0 0 0 1 
>pi2>1.1 
>ftis>1.1 
>pi>1.1 
>pi2>T 53900 40100 9 10 1 0 0 0 1 
>ftis>T 53900 40100 9 10 1 0 0 0 1 
>pi>T 53900 40100 9 10 1 0 0 0 1 
>pi2>Felix 
>ftis>Felix 
>pi>Felix 
>pi2>C 43600 46600 1 0 0 passive-1.sym 
>ftis>C 43600 46600 1 0 0 passive-1.sym 
>dev>port
>ftis>} 
>dev>port
>inst>} 
>ftis>} 
>dev>port
>ftis>v 20031231 1 
>ftis>P 0 100 200 100 1 0 0 
>ftis>P 0 100 200 100 1 0 0 
>ftis>L 200 200 200 0 3 0 0 0 -1 -1 
>ftis>T 900 200 5 10 1 0 0 0 1 
>ftis>net=PASSIVE:1 
>ftis>T 200 700 5 10 0 0 0 0 1 
>ftis>device=none 
>ftis>T 200 800 5 10 0 0 0 0 1 
>ftis>description=Passive module port 
>ftis>L 200 200 800 200 3 0 0 0 -1 -1 
>ftis>L 800 200 800 0 3 0 0 0 -1 -1 
>ftis>L 800 0 200 0 3 0 0 0 -1 -1 
>ftis>T 900 100 5 10 1 1 0 1 1 
>ftis>value=PASSIVE 
>pi>} 
>pi2>C 46900 46200 1 180 0 5V-minus-1.sym 
>ftis>C 46900 46200 1 180 0 5V-minus-1.sym 
>ftis>C 46900 46200 1 180 0 5V-minus-1.sym 
>dev>rail
>inst>C 46900 46200 1 180 0 5V-minus-1.sym 
>ftis>C 46900 46200 1 180 0 5V-minus-1.sym 
>dev>rail
>ftis>v 20031231 1 
>ftis>P 200 0 200 200 1 0 0 
>ftis>P 200 0 200 200 1 0 0 
>ftis>L 50 200 350 200 3 0 0 0 -1 -1 
>ftis>T 75 250 9 8 1 0 0 0 1 
>ftis>-5V 
>ftis>T 300 0 8 8 0 0 0 0 1 
>ftis>net=-5V:1 
>pi>C 46900 46200 1 180 0 5V-minus-1.sym 
>>>>>list 
//* V1 nin 0 1 
module NMOS_TRANSISTOR (D,G,S,B);
endmodule // NMOS_TRANSISTOR

module VOLTAGE_SOURCE (1,2);
vsource #(.dc(value)) v (.p(1),.n(2));
endmodule // VOLTAGE_SOURCE

module amp (ngnd);
//comment (incomplete) title-B.sym
NMOS_TRANSISTOR #(.basename(nmos-1.sym),.description(NMOS),.numslots(0),.symversion(0.1)) N2 (.D(x_cn_1),.G(x_cn_2),.S(x_cn_3),.B(x_cn_0));
place #(.x(46700),.y(46200)) 46700:46200 (.port(x_cn_0));
place #(.x(47100),.y(46400)) 47100:46400 (.port(x_cn_1));
place #(.x(46700),.y(46900)) 46700:46900 (.port(x_cn_2));
place #(.x(46300),.y(46400)) 46300:46400 (.port(x_cn_3));
//T 50100 40700 9 10 1 0 0 0 1 
//debugging gnd issue 
VOLTAGE_SOURCE #(.basename(voltage-3.sym),.value(vdd)) Vlow (.1(x_cn_4),.2(x_cn_5));
place #(.x(43600),.y(46700)) 43600:46700 (.port(x_cn_4));
place #(.x(43600),.y(45800)) 43600:45800 (.port(x_cn_5));
rail #(.basename(5V-minus-1.sym),.net(-5V:1)) lowrail (.pin(x_cn_5),.rail(-5V:1));
//T 53900 40300 9 10 1 0 0 0 1 
//1.1 
//T 53900 40100 9 10 1 0 0 0 1 
//Felix 
port #(.basename(passive-1.sym),.net(ngnd)) ngnd (.int(x_cn_4),.ext(ngnd));
rail #(.basename(5V-minus-1.sym),.net(-5V:1)) -5V:1 (.pin(x_cn_0),.rail(-5V:1));
endmodule // amp

//amp #(.vdd(3.3)) myamp(.nin(0), .nout(0), .ngnd(0)); 
amp #(.vdd(3.3)) myamp (.ngnd(0));
>>>>>spice 
>>>>>.print op v(nin) v(v1)  v(myamp.lowrail)  ev(myamp.Vlow.v)  v(myamp.Vlow.v)  i(myamp.Vlow.v)  ncc(myamp) 
collapse myamp: x_cn_5 (6), -5V:1(7)
collapse myamp: x_cn_4 (5), ngnd(8)
collapse myamp: x_cn_0 (1), -5V:1(7)
myamp: map_subckt_nodes net: 1 sckt: 8
myamp: map_subckt_nodes connected components 5
collapse myamp: x_cn_5 (6), -5V:1(7)
collapse myamp: x_cn_4 (5), ngnd(8)
collapse myamp: x_cn_0 (1), -5V:1(7)
myamp.N2: map_subckt_nodes net: 4 sckt: 4
myamp.N2: map_subckt_nodes connected components 4
myamp.Vlow: map_subckt_nodes net: 2 sckt: 2
myamp.Vlow: map_subckt_nodes connected components 2
.print op v(nin) v(v1)  v(myamp.lowrail)  ev(myamp.Vlow.v)  v(myamp.Vl
            ^ ? no match
.print op v(nin) v(v1)  v(myamp.lowrail)  ev(myamp.Vlow.v)  v(myamp.Vl
                   ^ ? no match
>>>>>.op 
collapse myamp: x_cn_5 (6), -5V:1(7)
collapse myamp: x_cn_4 (5), ngnd(8)
collapse myamp: x_cn_0 (1), -5V:1(7)
#           v(myamp.lowrail) ev(myamp.Vlow.v) v(myamp.Vlow.v) i(myamp.Vlow.v) ncc(myamp)
 27.       -3.3        3.3        3.3        0.         5.        
>>>>>.end 
