//v 20110115 2
//comment (incomplete) title-B.sym
RESISTOR #(.basename(resistor-1.sym),.class(DISCRETE),.pins(2),.value(150)) Re1 (.1(x_cn_0),.2(x_cn_1));
place #(.x(46400),.y(44500)) 46400:44500 (.port(x_cn_0));
place #(.x(47300),.y(44500)) 47300:44500 (.port(x_cn_1));
RESISTOR #(.basename(resistor-1.sym),.class(DISCRETE),.pins(2),.value(150)) Re2 (.1(x_cn_2),.2(x_cn_3));
place #(.x(47700),.y(44500)) 47700:44500 (.port(x_cn_2));
place #(.x(48600),.y(44500)) 48600:44500 (.port(x_cn_3));
RESISTOR #(.basename(resistor-1.sym),.class(DISCRETE),.pins(2),.value(20k)) Rc (.1(x_cn_4),.2(x_cn_5));
place #(.x(48700),.y(46900)) 48700:46900 (.port(x_cn_4));
place #(.x(48700),.y(47800)) 48700:47800 (.port(x_cn_5));
CURRENT_SOURCE #(.basename(current-1.sym),.value(0.5mA)) Ic (.1(x_cn_6),.2(x_cn_7));
place #(.x(47500),.y(44200)) 47500:44200 (.port(x_cn_6));
place #(.x(47500),.y(43300)) 47500:43300 (.port(x_cn_7));
BC547 #(.basename(BC547-1.sym),.footprint(TO92)) Q1 (.1(x_cn_8),.2(x_cn_9),.3(x_cn_10));
place #(.x(46300),.y(46400)) 46300:46400 (.port(x_cn_8));
place #(.x(45700),.y(45900)) 45700:45900 (.port(x_cn_9));
place #(.x(46300),.y(45400)) 46300:45400 (.port(x_cn_10));
BC547 #(.basename(BC547-1.sym),.footprint(TO92)) Q2 (.1(x_cn_11),.2(x_cn_12),.3(x_cn_13));
place #(.x(48700),.y(46400)) 48700:46400 (.port(x_cn_11));
place #(.x(49300),.y(45900)) 49300:45900 (.port(x_cn_12));
place #(.x(48700),.y(45400)) 48700:45400 (.port(x_cn_13));
rail #(.basename(vcc-1.sym),.net(Vcc:1)) Vcc:1 (.pin(x_cn_14),.rail(Vcc:1));
place #(.x(47500),.y(47800)) 47500:47800 (.port(x_cn_14));
rail #(.basename(vcc-minus-1.sym),.net(-Vcc:1)) -Vcc:1 (.pin(x_cn_7),.rail(-Vcc:1));
net #() net0 (.p(x_nn_15),.n(x_cn_8));
place #(.x(46300),.y(47800)) 46300:47800 (.port(x_nn_15));
net #() net1 (.p(x_cn_10),.n(x_nn_16));
place #(.x(46300),.y(44500)) 46300:44500 (.port(x_nn_16));
net #() net2 (.p(x_nn_16),.n(x_cn_0));
net #() net3 (.p(x_cn_1),.n(x_cn_2));
net #() net4 (.p(x_cn_3),.n(x_nn_17));
place #(.x(48700),.y(44500)) 48700:44500 (.port(x_nn_17));
net #() net5 (.p(x_nn_17),.n(x_cn_13));
net #() net6 (.p(x_cn_6),.n(x_nn_18));
place #(.x(47500),.y(44500)) 47500:44500 (.port(x_nn_18));
net #() extranet7 (.p(x_nn_18),.n(x_cn_1));
net #() net8 (.p(x_cn_4),.n(x_cn_11));
rail #(.basename(gnd-1.sym),.net(GND:1)) GND:1 (.pin(x_cn_12),.rail(GND:1));
port #(.basename(input-1.sym),.pinlabel(Vi)) input-1.sym_0 (.int(x_cn_9));
port #(.basename(output-1.sym),.pinlabel(Vo)) output-1.sym_1 (.int(x_cn_19));
place #(.x(48700),.y(46600)) 48700:46600 (.port(x_cn_19));
net #() net9 (.p(x_nn_15),.n(x_cn_5));
net #() extranet10 (.p(x_nn_15),.n(x_cn_14));
