//v 20031231 1
PMOS_TRANSISTOR #(.basename(pmos-2.sym)) Q? (.D(x_cn_1),.G(x_cn_2),.S(x_cn_3),.B(x_cn_0));
place #(.x(30500),.y(22300)) 30500:22300 (.port(x_cn_0));
place #(.x(30300),.y(22700)) 30300:22700 (.port(x_cn_1));
place #(.x(29800),.y(22300)) 29800:22300 (.port(x_cn_2));
place #(.x(30300),.y(21900)) 30300:21900 (.port(x_cn_3));
net #() net0 (.p(x_nn_4),.n(x_nn_5));
place #(.x(30300),.y(19900)) 30300:19900 (.port(x_nn_4));
place #(.x(30300),.y(19700)) 30300:19700 (.port(x_nn_5));
NMOS_TRANSISTOR #(.basename(nmos-2.sym)) Q? (.D(x_cn_7),.G(x_cn_8),.S(x_nn_4),.B(x_cn_6));
place #(.x(30500),.y(20300)) 30500:20300 (.port(x_cn_6));
place #(.x(30300),.y(20700)) 30300:20700 (.port(x_cn_7));
place #(.x(29800),.y(20300)) 29800:20300 (.port(x_cn_8));
net #() net1 (.p(x_cn_6),.n(x_nn_9));
place #(.x(31100),.y(20300)) 31100:20300 (.port(x_nn_9));
net #() net2 (.p(x_nn_9),.n(x_nn_10));
place #(.x(31100),.y(19700)) 31100:19700 (.port(x_nn_10));
net #() net3 (.p(x_cn_0),.n(x_nn_11));
place #(.x(30900),.y(22300)) 30900:22300 (.port(x_nn_11));
rail #(.basename(vdd-1.sym),.net(Vdd:1)) Vdd:1 (.pin(x_cn_12),.rail(Vdd:1));
place #(.x(31000),.y(22900)) 31000:22900 (.port(x_cn_12));
rail #(.basename(gnd-1.sym),.net(GND:1)) GND:1 (.pin(x_cn_13),.rail(GND:1));
place #(.x(31400),.y(19700)) 31400:19700 (.port(x_cn_13));
port #(.basename(in-1.sym)) pinlabel (.int(x_cn_14));
place #(.x(28600),.y(21300)) 28600:21300 (.port(x_cn_14));
port #(.basename(out-1.sym)) pinlabel (.int(x_cn_15));
place #(.x(30900),.y(21300)) 30900:21300 (.port(x_cn_15));
net #() net4 (.p(x_cn_8),.n(x_nn_16));
place #(.x(29600),.y(20300)) 29600:20300 (.port(x_nn_16));
net #() net5 (.p(x_cn_3),.n(x_cn_7));
net #() net6 (.p(x_nn_16),.n(x_nn_17));
place #(.x(29600),.y(22300)) 29600:22300 (.port(x_nn_17));
net #() net7 (.p(x_nn_17),.n(x_cn_2));
net #() net8 (.p(x_cn_14),.n(x_nn_18));
place #(.x(29600),.y(21300)) 29600:21300 (.port(x_nn_18));
net #() extranet9 (.p(x_nn_18),.n(x_nn_16));
net #() net10 (.p(x_nn_19),.n(x_cn_12));
place #(.x(30300),.y(22900)) 30300:22900 (.port(x_nn_19));
net #() net11 (.p(x_nn_5),.n(x_cn_13));
net #() extranet12 (.p(x_nn_5),.n(x_nn_10));
net #() net13 (.p(x_cn_1),.n(x_nn_19));
net #() net14 (.p(x_nn_11),.n(x_nn_20));
place #(.x(30900),.y(22900)) 30900:22900 (.port(x_nn_20));
net #() extranet15 (.p(x_nn_20),.n(x_nn_19));
net #() net16 (.p(x_nn_21),.n(x_cn_15));
place #(.x(30300),.y(21300)) 30300:21300 (.port(x_nn_21));
net #() extranet17 (.p(x_nn_21),.n(x_cn_3));
//T 28900 18900 9 10 1 0 0 0 1
//DRAWN BY ARNO PETERS
