//v 20040111 1
555timer #(.basename(lm555-1.sym),.footprint(DIL)) U1 (.1(x_cn_0),.2(x_cn_1),.3(x_cn_2),.4(x_cn_3),.5(x_cn_4),.6(x_cn_5),.7(x_cn_6),.8(x_cn_7));
place #(.x(64700),.y(52900)) 64700:52900 (.port(x_cn_0));
place #(.x(64700),.y(54000)) 64700:54000 (.port(x_cn_1));
place #(.x(67000),.y(52900)) 67000:52900 (.port(x_cn_2));
place #(.x(65500),.y(55300)) 65500:55300 (.port(x_cn_3));
place #(.x(67000),.y(53600)) 67000:53600 (.port(x_cn_4));
place #(.x(67000),.y(54000)) 67000:54000 (.port(x_cn_5));
place #(.x(67000),.y(54400)) 67000:54400 (.port(x_cn_6));
place #(.x(66300),.y(55300)) 66300:55300 (.port(x_cn_7));
rail #(.basename(gnd-1.sym),.net(GND:1)) GND:1 (.pin(x_cn_8),.rail(GND:1));
place #(.x(64200),.y(52900)) 64200:52900 (.port(x_cn_8));
SWITCAP-capacitor #(.basename(switcap-capacitor-1.sym),.footprint(RADIAL_CAN),.pins(2),.value(1.0)) C1 (.1(x_cn_4),.2(x_cn_9));
place #(.x(67900),.y(53600)) 67900:53600 (.port(x_cn_9));
resistor #(.basename(resistor-1.sym),.class(DISCRETE),.footprint(R025),.pins(2),.value(4K7)) R1 (.1(x_cn_10),.2(x_cn_11));
place #(.x(67200),.y(55200)) 67200:55200 (.port(x_cn_10));
place #(.x(68100),.y(55200)) 68100:55200 (.port(x_cn_11));
rail #(.basename(vcc-1.sym),.net(Vcc:1)) Vcc:1 (.pin(x_cn_12),.rail(Vcc:1));
place #(.x(68600),.y(55200)) 68600:55200 (.port(x_cn_12));
LED #(.basename(led-2.sym),.footprint(LED)) D2 (.CATHODE(x_cn_13),.ANODE(x_cn_14));
place #(.x(70000),.y(51400)) 70000:51400 (.port(x_cn_13));
place #(.x(69100),.y(51400)) 69100:51400 (.port(x_cn_14));
2N3053 #(.basename(2N3055-1.sym),.footprint(TO92)) Q1 (.1(x_cn_15),.2(x_cn_16),.3(x_cn_17));
place #(.x(69200),.y(52900)) 69200:52900 (.port(x_cn_15));
place #(.x(69800),.y(52400)) 69800:52400 (.port(x_cn_16));
place #(.x(69800),.y(53400)) 69800:53400 (.port(x_cn_17));
2N2905 #(.basename(2N3904-1.sym),.footprint(TO92)) Q2 (.1(x_cn_18),.2(x_cn_19),.3(x_cn_20));
place #(.x(70800),.y(50900)) 70800:50900 (.port(x_cn_18));
place #(.x(70200),.y(51400)) 70200:51400 (.port(x_cn_19));
place #(.x(70800),.y(51900)) 70800:51900 (.port(x_cn_20));
POLARIZED_CAPACITOR #(.basename(capacitor-3.sym),.description(polarized),.footprint(RADIAL_CAN),.numslots(0),.symversion(0.1)) C2 (.p(x_cn_21),.n(x_cn_22));
place #(.x(64200),.y(54000)) 64200:54000 (.port(x_cn_21));
place #(.x(64200),.y(53100)) 64200:53100 (.port(x_cn_22));
resistor #(.basename(resistor-1.sym),.class(DISCRETE),.footprint(R025),.pins(2),.value(100K)) R2 (.1(x_cn_23),.2(x_cn_24));
place #(.x(67200),.y(54400)) 67200:54400 (.port(x_cn_23));
place #(.x(68100),.y(54400)) 68100:54400 (.port(x_cn_24));
resistor #(.basename(resistor-1.sym),.class(DISCRETE),.footprint(R025),.pins(2),.value(220)) R3 (.1(x_cn_25),.2(x_cn_26));
place #(.x(68000),.y(52900)) 68000:52900 (.port(x_cn_25));
place #(.x(68900),.y(52900)) 68900:52900 (.port(x_cn_26));
resistor #(.basename(resistor-1.sym),.class(DISCRETE),.footprint(R025),.pins(2),.value(100)) R4 (.1(x_cn_27),.2(x_cn_28));
place #(.x(67900),.y(51400)) 67900:51400 (.port(x_cn_27));
place #(.x(68800),.y(51400)) 68800:51400 (.port(x_cn_28));
net #() gnd (.p(x_cn_0),.n(x_cn_8));
net #() gnd (.p(x_cn_9),.n(x_nn_29));
place #(.x(68400),.y(53600)) 68400:53600 (.port(x_nn_29));
net #() net2 (.p(x_cn_1),.n(x_cn_21));
rail #(.basename(gnd-1.sym),.net(GND:1)) GND:1 (.pin(x_nn_29),.rail(GND:1));
net #() gnd (.p(x_cn_22),.n(x_cn_8));
net #() net4 (.p(x_nn_30),.n(x_nn_31));
place #(.x(65800),.y(54000)) 65800:54000 (.port(x_nn_30));
place #(.x(65800),.y(54400)) 65800:54400 (.port(x_nn_31));
net #() net5 (.p(x_nn_31),.n(x_nn_32));
place #(.x(64200),.y(54400)) 64200:54400 (.port(x_nn_32));
net #() net6 (.p(x_nn_32),.n(x_cn_21));
net #() net7 (.p(x_nn_30),.n(x_nn_33));
place #(.x(68100),.y(54000)) 68100:54000 (.port(x_nn_33));
net #() extranet8 (.p(x_nn_30),.n(x_cn_5));
net #() net9 (.p(x_nn_33),.n(x_cn_24));
net #() net10 (.p(x_nn_34),.n(x_cn_6));
place #(.x(67000),.y(55200)) 67000:55200 (.port(x_nn_34));
net #() net11 (.p(x_nn_34),.n(x_cn_10));
net #() net12 (.p(x_cn_23),.n(x_cn_6));
rail #(.basename(vcc-1.sym),.net(Vcc:1)) Vcc:1 (.pin(x_cn_3),.rail(Vcc:1));
net #() vcc (.p(x_cn_3),.n(x_cn_7));
net #() net14 (.p(x_cn_2),.n(x_cn_25));
net #() net15 (.p(x_nn_35),.n(x_nn_36));
place #(.x(67500),.y(52900)) 67500:52900 (.port(x_nn_35));
place #(.x(67500),.y(51400)) 67500:51400 (.port(x_nn_36));
net #() extranet16 (.p(x_nn_35),.n(x_cn_2));
net #() net17 (.p(x_nn_36),.n(x_cn_27));
net #() net18 (.p(x_cn_26),.n(x_cn_15));
rail #(.basename(gnd-1.sym),.net(GND:1)) GND:1 (.pin(x_cn_37),.rail(GND:1));
place #(.x(69800),.y(52200)) 69800:52200 (.port(x_cn_37));
rail #(.basename(gnd-1.sym),.net(GND:1)) GND:1 (.pin(x_cn_38),.rail(GND:1));
place #(.x(70800),.y(49600)) 70800:49600 (.port(x_cn_38));
net #() net19 (.p(x_cn_13),.n(x_cn_19));
net #() net20 (.p(x_cn_28),.n(x_cn_14));
net #() gnd (.p(x_cn_16),.n(x_cn_37));
LEDseries #(.basename(led-2.sym),.footprint(LED)) D1 (.1(x_cn_39),.2(x_cn_40));
place #(.x(69800),.y(54500)) 69800:54500 (.port(x_cn_39));
place #(.x(69800),.y(53600)) 69800:53600 (.port(x_cn_40));
LEDseries #(.basename(led-2.sym),.footprint(LED)) D? (.1(x_cn_41),.2(x_cn_42));
place #(.x(70800),.y(50800)) 70800:50800 (.port(x_cn_41));
place #(.x(70800),.y(49900)) 70800:49900 (.port(x_cn_42));
net #() net22 (.p(x_cn_40),.n(x_cn_17));
net #() vcc (.p(x_cn_11),.n(x_nn_43));
place #(.x(70800),.y(55200)) 70800:55200 (.port(x_nn_43));
net #() extranet24 (.p(x_cn_11),.n(x_cn_12));
net #() vcc (.p(x_cn_39),.n(x_nn_44));
place #(.x(69800),.y(55200)) 69800:55200 (.port(x_nn_44));
net #() extranet26 (.p(x_nn_44),.n(x_cn_11));
net #() extranet27 (.p(x_nn_44),.n(x_cn_12));
net #() gnd (.p(x_cn_38),.n(x_cn_42));
net #() vcc (.p(x_cn_20),.n(x_nn_43));
net #() net30 (.p(x_cn_18),.n(x_cn_41));
