// This File is part of gnucap-geda 
// (C) 2012 Felix Salfelder 
// GPLv3 or later 
// mapping geda-symbols to actual devices 
// "analog" section 
module CAPACITOR (1,2);
capacitor #(.c(value)) c (.p(1),.n(2));
endmodule // CAPACITOR

module POLARIZED_CAPACITOR (p,n);
// nothing yet 
endmodule // POLARIZED_CAPACITOR

module RESISTOR (1,2);
resistor #(.r(value)) r (.p(1),.n(2));
endmodule // RESISTOR

module BATTERY (n,p);
vsource #(.dc(value)) v (.p(n),.n(p));
endmodule // BATTERY

module VOLTAGE_SOURCE (1,2);
vsource #(.dc(value)) v (.p(1),.n(2));
endmodule // VOLTAGE_SOURCE

module CURRENT_SOURCE (1,2);
isource #(.dc(value)) i (.p(p),.n(n));
endmodule // CURRENT_SOURCE

module BC547 (1,2,3,4);
// nothing yet 
endmodule // BC547

module TRANSFORMER (1,2,3,4,5,6,7);
// not yet 
endmodule // TRANSFORMER

module NMOS_TRANSISTOR (D,G,S,B);
paramset cmosn_local nmos1;\
 .level=1; .kp=41.5964u; .vto=0.8; .gamma=0.863074; .phi=0.6; .lambda=.01; .tox=41.8n; .nsub=15.3142E+15; .nss=1.E+12; .xj=400.n; .uo=503.521; .tpg=1; .tnom=NA( 27.); .fc=0.5; .pb=0.7; .cj=384.4u; .mj=0.4884; .cjsw=527.2p; .pbsw=NA( NA); .mjsw=0.3002; .is=NA( 10.f); .js=0.; .rsh=0.; .cbd=0.; .cbs=0.; .cgso=218.971p; .cgdo=218.971p; .cgbo=0.; .ld=265.073n;\
endparmset

cmosn_local #(.l(l),.w(w)) m (.d(D),.g(G),.s(S),.b(B));
endmodule // NMOS_TRANSISTOR

module PMOS_TRANSISTOR (D,G,S,B);
paramset local_cmosp pmos1;\
 .level=1; .kp=41.5964u; .vto=-0.8; .gamma=0.863074; .phi=0.6; .lambda=.01; .tox=41.8n; .nsub=15.3142E+15; .nss=1.E+12; .xj=400.n; .uo=503.521; .tpg=1; .tnom=NA( 27.); .fc=0.5; .pb=0.7; .cj=384.4u; .mj=0.4884; .cjsw=527.2p; .pbsw=NA( NA); .mjsw=0.3002; .is=0; .js=0.; .rsh=0.; .rd=0.; .rs=0.; .cbd=0.; .cbs=0.; .cgso=218.971p; .cgdo=218.971p; .cgbo=0.; .ld=265.073n;\
endparmset

local_cmosp #(.l(l),.w(w)) m (.d(D),.g(G),.s(S),.b(B));
endmodule // PMOS_TRANSISTOR

module NPN_TRANSISTOR (C,B,E);
// later.. 
endmodule // NPN_TRANSISTOR

module LED (CATHODE,ANODE);
// nothing 
endmodule // LED

vsource #(pulse.iv( 0.), .pv( 1.), .delay( 0.), .rise( 0.001), .fall(NA( 0.)), .width( 0.01), .period(NA( Inf))) V1 (.p(n1),.n(n0));
resistor #(.r( 1.)) R1 (.p(n0),.n(0));
//*.load lang_geda.so 
module rc.sch (INPUT:1,nout,PASSIVE:1);
//comment (incomplete) title-B.sym
net #() net0 (.p(x_nn_0),.n(x_nn_1));
place #(.x(47300),.y(46600)) 47300:46600 (.port(x_nn_0));
place #(.x(47300),.y(47300)) 47300:47300 (.port(x_nn_1));
port #(.basename(input-2.sym),.net(INPUT:1)) INPUT:1 (.int(x_cn_2),.ext(INPUT:1));
place #(.x(44900),.y(47300)) 44900:47300 (.port(x_cn_2));
port #(.basename(output-2.sym),.net(nout)) nout (.int(x_cn_3),.ext(nout));
place #(.x(53500),.y(47300)) 53500:47300 (.port(x_cn_3));
RESISTOR #(.basename(resistor-2.sym),.value(4k)) R1 (.1(x_cn_4),.2(x_cn_5));
place #(.x(45500),.y(47300)) 45500:47300 (.port(x_cn_4));
place #(.x(46400),.y(47300)) 46400:47300 (.port(x_cn_5));
net #() net1 (.p(x_cn_4),.n(x_cn_2));
net #() net2 (.p(x_nn_6),.n(x_nn_7));
place #(.x(47300),.y(45200)) 47300:45200 (.port(x_nn_6));
place #(.x(47300),.y(45700)) 47300:45700 (.port(x_nn_7));
port #(.basename(passive-1.sym),.net(PASSIVE:1)) PASSIVE:1 (.int(x_nn_6),.ext(PASSIVE:1));
CAPACITOR #(.basename(capacitor-1.sym),.description(capacitor),.numslots(0),.symversion(0.1),.value(1u)) C1 (.1(x_nn_7),.2(x_nn_0));
net #() teetop (.p(x_cn_5),.n(x_cn_3));
net #() extranet4 (.p(x_cn_5),.n(x_nn_1));
endmodule // rc.sch

rc.sch #() sch1 (.INPUT:1(n1),.nout(n2),.PASSIVE:1(n0));
#         v(n0)    v(n1)    v(n2)    r(sch1.R1.r) c(sch1.C1.c) ev(sch1.C1.c)
 0.       0.       0.       0.       4.K      1.u      1.u     
#Time     v(n1)    v(n2)   
 0.       0.       0.      
 0.001    1.       0.115   
 0.002    1.       0.311   
 0.003    1.       0.464   
 0.004    1.       0.583   
 0.005    1.       0.675   
 0.006    1.       0.748   
 0.007    1.       0.804   
 0.008    1.       0.847   
 0.009    1.       0.881   
 0.01     1.       0.908   
 0.011    2.06E-9  0.817   
 0.012    1.59E-9  0.636   
 0.013    1.24E-9  0.494   
 0.014    961.E-12 0.384   
 0.015    747.E-12 0.299   
 0.016    581.E-12 0.233   
 0.017    452.E-12 0.181   
 0.018    352.E-12 0.141   
 0.019    273.E-12 0.109   
 0.02     213.E-12 0.0851  
vn2= 0.11
vn2= 0.67
